2026-08-05 15:04:47,645 - INFO - Starting sales report automation
2026-08-05 15:05:42,721 - INFO - Excel workbook opened successfully
2026-08-05 15:05:49,001 - INFO - Excel formatting completed successfully
2026-08-05 15:05:50,968 - INFO - Outlook email draft created successfully
2026-08-05 15:05:59,826 - INFO - Workbook closed
2026-08-05 15:06:02,646 - INFO - Excel application closed
2026-08-05 15:06:02,646 - INFO - Automation finished
2026-08-05 15:07:04,450 - INFO - Starting sales report automation
2026-08-05 15:07:06,888 - INFO - Excel workbook opened successfully
2026-08-05 15:07:07,460 - INFO - Excel formatting completed successfully
2026-08-05 15:07:12,421 - INFO - Outlook email draft created successfully
2026-08-05 15:07:12,490 - INFO - Workbook closed
2026-08-05 15:07:12,867 - INFO - Excel application closed
2026-08-05 15:07:12,867 - INFO - Automation finished
2026-08-06 21:55:57,263 - INFO - Starting sales report automation
2026-08-06 21:56:41,885 - INFO - Excel workbook opened successfully
2026-08-06 21:56:43,650 - INFO - Excel formatting completed successfully
2026-08-06 21:56:54,304 - INFO - Outlook email draft created successfully
2026-08-06 21:56:55,630 - INFO - Workbook closed
2026-08-06 21:56:57,817 - INFO - Excel application closed
2026-08-06 21:56:57,817 - INFO - Automation finished
2026-08-06 21:57:55,969 - INFO - Starting sales report automation
2026-08-06 21:57:58,276 - INFO - Excel workbook opened successfully
2026-08-06 21:57:58,764 - INFO - Excel formatting completed successfully
2026-08-06 21:58:06,089 - INFO - Outlook email draft created successfully
2026-08-06 21:58:06,144 - INFO - Workbook closed
2026-08-06 21:58:06,589 - INFO - Excel application closed
2026-08-06 21:58:06,589 - INFO - Automation finished
